// Jest Snapshot v1, https://goo.gl/fbAQLP

exports[`ListSellOrdersScreen renders the component 1`] = `
<ListLands
  lands={Array []}
  renderRow={[Function]}
/>
`;
