// Jest Snapshot v1, https://goo.gl/fbAQLP

exports[`SellOrderClaimScreen renders the component 1`] = `
<SellOrderClaim
  onClaim={[Function]}
  sellOrder={
    Object {
      "asset": Object {
        "id": -1,
        "img": "https://decentraland.org/images/logo-65f7b27caf.png",
        "name": "Not found",
      },
      "id": 123,
      "priceMana": 0,
      "priceUSD": 0,
    }
  }
/>
`;
